<?xml version="1.0" encoding="UTF-8" ?><tv date="20221020">
<channel id="Channel1.us"><display-name>Channel 1</display-name><url>https://example.com</url></channel>
<programme start="20220306043000 +0000" stop="20220306071000 +0000" channel="Channel1.us"><title lang="fr">Program1</title></programme>
</tv>