<?xml version="1.0" encoding="UTF-8"?>
<site site="parse-channels.com">
  <channels>
    <channel lang="en" xmltv_id="" site_id="240">BBC World News</channel>
    <channel lang="en" xmltv_id="CNNInternational.us" site_id="140">CNN International</channel>
  </channels>
</site>
